// Vitest Snapshot v1, https://vitest.dev/guide/snapshot.html

exports[`characterization: current 907 rendered HTML is preserved > renders 2024-11-20-quick-thoughts.md identically 1`] = `
"<p>I've been thinking about attention lately. Not productivity hacks or focus techniques, but the deeper question of what it means to direct your awareness toward something.</p>
<h2>The Observation</h2>
<p>I notice that when I walk the same trail every day, I stop seeing it. My mind wanders. I'm physically present but mentally absent, running through todo lists or replaying conversations.</p>
<p>But then something breaks the pattern—unusual light, a bird call, fresh snow—and suddenly I'm <em>there</em> again. Fully present. The trail becomes new.</p>
<h2>The Question</h2>
<p>What if attention isn't something we have or lack, but something we practice? Like a muscle that atrophies without use?</p>
<p>The modern environment seems designed to scatter attention rather than cultivate it. Infinite feeds, constant notifications, the expectation of immediate response. Everything pulling us toward surface-level engagement.</p>
<h2>The Experiment</h2>
<p>For the past month, I've been leaving my phone at home during morning walks. Simple change, but the effect has been noticeable. Without the option to check messages or take photos, I just... walk. And notice things.</p>
<p>This morning: ice crystals on a dead fireweed stalk, catching the low sunlight. I would have missed it entirely with a screen in my pocket.</p>
<p>No grand conclusions yet. Just noticing what happens when I remove one small source of distraction.</p>
"
`;

exports[`characterization: current 907 rendered HTML is preserved > renders 2024-12-01-favorite-albums-2024.md identically 1`] = `
"<p>Every year I try to keep track of music that resonates. Here are a few albums from 2024 that I kept coming back to.</p>
<h2>The List</h2>
<ol>
<li>
<p><strong>Waxahatchee - Tigers Blood</strong>
Indie rock with a warm, lived-in feel. Perfect for long drives.</p>
</li>
<li>
<p><strong>Mkwaju Ensemble - Mkwaju</strong>
Reissue of 1980s Kenyan electronic music. Hypnotic and strange in the best way.</p>
</li>
<li>
<p><strong>Adrianne Lenker - Bright Future</strong>
Sparse, intimate folk. Her voice and guitar, mostly unadorned.</p>
</li>
<li>
<p><strong>SAULT - EARTH</strong>
Afrofuturist soul that feels both ancient and futuristic.</p>
</li>
<li>
<p><strong>The Smile - Wall of Eyes</strong>
Radiohead adjacent, but looser and more experimental.</p>
</li>
</ol>
<h2>Themes</h2>
<p>Looking at this list, I realize I gravitated toward music that felt handmade and human this year. Less production gloss, more raw texture.</p>
<p>Maybe that's a reaction to how much time I spent staring at screens. Music became a refuge from the algorithmic feed.</p>
<p>What were your favorites this year?</p>
"
`;

exports[`characterization: current 907 rendered HTML is preserved > renders 2024-12-15-book-notes-example.md identically 1`] = `
"<p>Just finished Richard Powers' <em>The Overstory</em>. It's a sprawling novel that weaves together multiple storylines, all connected by trees and the people who love them.</p>
<h2>What Struck Me</h2>
<p>The book operates on multiple timescales simultaneously. There are human lives measured in decades, and tree lives measured in centuries. Powers shifts between them effortlessly, making you feel the weight of deep time.</p>
<p>The central question: What happens when you really pay attention to the living world around you?</p>
<h2>Favorite Passages</h2>
<blockquote>
<p>"The best arguments in the world won't change a person's mind. The only thing that can do that is a good story."</p>
</blockquote>
<p>This line kept coming back to me. Powers doesn't lecture about environmental destruction; he tells stories that make you see trees as characters with their own agency and narrative arcs.</p>
<h2>Recommended?</h2>
<p>Yes, especially if you're patient with literary fiction. It's long and slow-moving, and it rewards attention.</p>
"
`;

exports[`characterization: current 907 rendered HTML is preserved > renders 2025-01-10-winter-prior-lake.md identically 1`] = `
"<p>This morning I walked out to Prior Lake to catch the sunrise. At this time of year, the sun barely climbs above the horizon, painting the snow in shades of pink and gold.</p>
<p>The ice was thick enough to walk on, and the stillness was complete. No wind, no sound except the occasional creak of ice settling.</p>
<h2>The Light</h2>
<p>Winter light in Alaska has a quality I've never seen anywhere else. It's low and soft, almost horizontal, creating long shadows even at what passes for midday.</p>
<p>The temperature was around -15°F, cold enough that my breath crystallized instantly, but not so cold that I couldn't stay out with the camera for a while.</p>
<h2>Gear Notes</h2>
<ul>
<li>Camera: Still using the trusty old DSLR</li>
<li>Lens: 24-70mm</li>
<li>Extra batteries: Essential in the cold</li>
<li>Warm gloves with finger cutouts: essential</li>
</ul>
<p>The photos turned out better than expected. There's something about the simplicity of snow, ice, and light that makes photography feel pure again.</p>
"
`;

exports[`characterization: current 907 rendered HTML is preserved > renders 2025-01-23-testing-the-new-site.md identically 1`] = `
"<p>Welcome to the new 907.life! This is a test post to verify that everything is working correctly.</p>
<p>The site is now powered by Hugo and hosted on Cloudflare Pages. It's a clean, simple setup focused on content over complexity.</p>
<h2>Features</h2>
<ul>
<li>Clean, minimal design</li>
<li>Fast static site generation</li>
<li>Tags for organizing content</li>
<li>RSS and JSON feeds</li>
<li>Cloudflare hosting</li>
</ul>
<p>More posts coming soon!</p>
"
`;

exports[`characterization: current 907 rendered HTML is preserved > renders 2026-01-29-formatting-test-post.md identically 1`] = `
"<p>This post is a comprehensive <strong>Markdown formatting test</strong> intended to reveal how a Micro.blog theme renders common elements, edge cases, and inline HTML. It contains both typical content and awkward cases.</p>
<h2>Headings</h2>
<h1>H1: Heading 1</h1>
<h2>H2: Heading 2</h2>
<h3>H3: Heading 3</h3>
<h4>H4: Heading 4</h4>
<h5>H5: Heading 5</h5>
<h6>H6: Heading 6</h6>
<h2>Paragraphs &#x26; inline text</h2>
<p>A normal paragraph with <strong>bold</strong>, <em>italic</em>, <em><strong>bold italic</strong></em>, <del>strikethrough</del>, and <code>inline code</code>.</p>
<p>Hard line break (two spaces at end of line).
This should appear on the next line.</p>
<h2>Links</h2>
<ul>
<li>Plain URL: <a href="https://micro.blog">https://micro.blog</a></li>
<li>Standard link: <a href="https://micro.blog">Micro.blog</a></li>
</ul>
<h2>Images</h2>
<p><img src="https://via.placeholder.com/640x360.png?text=Micro.blog+Theme+Test" alt="Placeholder"></p>
<h2>Blockquotes</h2>
<blockquote>
<p>This is a blockquote.</p>
<p>With multiple paragraphs.</p>
</blockquote>
<h2>Lists</h2>
<ul>
<li>Unordered item</li>
<li>Another item
<ul>
<li>Nested item</li>
</ul>
</li>
</ul>
<ol>
<li>Ordered item</li>
<li>Second item</li>
</ol>
<ul class="contains-task-list">
<li class="task-list-item"><input type="checkbox" disabled> Task unchecked</li>
<li class="task-list-item"><input type="checkbox" checked disabled> Task checked</li>
</ul>
<h2>Tables</h2>
<table>
<thead>
<tr>
<th align="right">Column A</th>
<th align="left">Column B</th>
</tr>
</thead>
<tbody>
<tr>
<td align="right">Right</td>
<td align="left">Left</td>
</tr>
</tbody>
</table>
<h2>Code</h2>
<p>Inline code: <code>const x = 42;</code></p>
<pre><code class="language-js">function hello() {
  console.log("Hello, world");
}
</code></pre>
<h2>Footnotes</h2>
<p>Here is a footnote reference.<sup><a href="#user-content-fn-1" id="user-content-user-content-fnref-1" data-footnote-ref aria-describedby="user-content-footnote-label">1</a></sup></p>
<h2>HTML passthrough</h2>
<hr>
<p>End of test.</p>
<section data-footnotes class="footnotes"><h2 class="sr-only" id="user-content-footnote-label">Footnotes</h2>
<ol>
<li id="user-content-user-content-fn-1">
<p>This is the footnote text. <a href="#user-content-fnref-1" data-footnote-backref="" aria-label="Back to reference 1" class="data-footnote-backref">↩</a></p>
</li>
</ol>
</section>
"
`;

exports[`characterization: current 907 rendered HTML is preserved > renders 2026-03-06-early-march.md identically 1`] = `
"<p>There's a week or two every year when Anchorage can't decide what it's doing. The sun has climbed back up to somewhere meaningful (you notice it now in late afternoon, slanting gold across the snowpack), but the temperatures haven't gotten the message yet. It dropped to nine below on Tuesday. Wednesday I was walking without a hat.</p>
<p>I've come to think of early March as its own season here, separate from either winter or spring. The snow is still deep but it's changed character: it's denser now, with a crust that holds your weight until it doesn't. The birches are still bare but something in the color of the bark has shifted, gone more bronze than gray. You can't point to any single thing and say <em>there</em>, that's it, that's the change. It's more that the light comes from a different angle and makes everything feel slightly rearranged.</p>
<p>I took the dog out along the greenbelt this morning before the temperature had risen above fifteen. We had the trail mostly to ourselves. She found something under a spruce tree that required extensive investigation while I stood and watched my breath and thought about nothing in particular, which is harder than it sounds and also one of the few things I'm reliably good at in the morning.</p>
<p>There's a red squirrel that lives in the woodpile off the back deck and reappears every March like a small, aggressive sign of life. He was back yesterday, scolding from the top of the stack. I took this as a good omen. By the time he quieted down the sun had moved behind the ridge and the temperature dropped two degrees in about ten minutes, which is the other thing March does: it won't let you get comfortable.</p>
<p>Spring here doesn't arrive so much as it negotiates. But March is when you know, in some provisional way, that it's coming.</p>
"
`;

exports[`characterization: current 907 rendered HTML is preserved > renders 2026-04-06-understanding-epoll.md identically 1`] = `
"<p>In 1999, Dan Kegel wrote a document called <em>The C10K Problem</em>. The question was simple: how do you handle 10,000 simultaneous network connections on a single machine? The answer required rethinking how operating systems notify applications about I/O events.</p>
<p>The result, eventually, was <code>epoll</code>.</p>
<h2>The problem with select()</h2>
<p>The traditional approach used <code>select()</code> or <code>poll()</code>. Both work by passing the kernel a list of file descriptors to watch, waiting for one to become ready, then scanning the list yourself to find which one fired.</p>
<pre><code class="language-c">fd_set readfds;
FD_ZERO(&#x26;readfds);
FD_SET(sockfd, &#x26;readfds);

int ready = select(sockfd + 1, &#x26;readfds, NULL, NULL, &#x26;timeout);
if (ready > 0 &#x26;&#x26; FD_ISSET(sockfd, &#x26;readfds)) {
    // handle it
}
</code></pre>
<p>This breaks down at scale for two reasons:</p>
<table>
<thead>
<tr>
<th>Problem</th>
<th>select()</th>
<th>poll()</th>
<th>epoll</th>
</tr>
</thead>
<tbody>
<tr>
<td>FD limit</td>
<td>1024 (FD_SETSIZE)</td>
<td>Unlimited</td>
<td>Unlimited</td>
</tr>
<tr>
<td>Scan on return</td>
<td>Full list O(n)</td>
<td>Full list O(n)</td>
<td>Only ready FDs O(1)</td>
</tr>
<tr>
<td>Kernel copy per call</td>
<td>Yes, full list</td>
<td>Yes, full list</td>
<td>No, registered once</td>
</tr>
<tr>
<td>Level vs edge trigger</td>
<td>Level only</td>
<td>Level only</td>
<td>Both</td>
</tr>
</tbody>
</table>
<p>Each <code>select()</code> call copies your entire watched set into the kernel, then copies it back. With 10,000 connections, most idle, you're copying and scanning 10,000 entries every time <em>any single socket</em> becomes readable. The kernel does O(n) work. Your userspace does O(n) work. None of it scales.</p>
<h2>How epoll works</h2>
<p><code>epoll</code> separates registration from waiting. You create an epoll instance, register interest in file descriptors once, then call <code>epoll_wait()</code> repeatedly. The kernel only returns the file descriptors that are actually ready.</p>
<pre><code class="language-c">// Create the epoll instance
int epfd = epoll_create1(0);

// Register a socket — done once, not per-wait
struct epoll_event ev;
ev.events = EPOLLIN | EPOLLET;  // readable, edge-triggered
ev.data.fd = sockfd;
epoll_ctl(epfd, EPOLL_CTL_ADD, sockfd, &#x26;ev);

// Wait — returns only ready events
struct epoll_event events[MAX_EVENTS];
int nready = epoll_wait(epfd, events, MAX_EVENTS, timeout_ms);

for (int i = 0; i &#x3C; nready; i++) {
    handle_event(events[i].data.fd);
}
</code></pre>
<p>The kernel maintains a red-black tree of watched descriptors and an internal ready list. When a descriptor becomes ready, the kernel adds it to the ready list directly. <code>epoll_wait()</code> drains that list. No scanning, no copying the full set.</p>
<h2>Edge-triggered vs level-triggered</h2>
<p>This is where most epoll bugs live.</p>
<p><strong>Level-triggered (LT):</strong> default. <code>epoll_wait()</code> returns as long as the condition holds. If you don't read all available data, it fires again next call. Easier to use correctly.</p>
<p><strong>Edge-triggered (ET):</strong> fires once when the state <em>changes</em>. If 4KB arrives and you only read 1KB, you won't hear about the remaining 3KB until more data arrives. You must read in a loop until <code>EAGAIN</code>.</p>
<pre><code class="language-c">// Edge-triggered: must drain completely
while (1) {
    ssize_t n = read(fd, buf, sizeof(buf));
    if (n &#x3C; 0) {
        if (errno == EAGAIN || errno == EWOULDBLOCK)
            break;  // all data read
        // real error
        break;
    }
    if (n == 0)
        break;  // EOF
    process(buf, n);
}
</code></pre>
<p>The tradeoff:</p>
<table>
<thead>
<tr>
<th>Mode</th>
<th>Behavior</th>
<th>Risk</th>
<th>Use when</th>
</tr>
</thead>
<tbody>
<tr>
<td>Level-triggered</td>
<td>Fires while condition holds</td>
<td>None if you process partially</td>
<td>Default choice</td>
</tr>
<tr>
<td>Edge-triggered</td>
<td>Fires once on transition</td>
<td>Data starvation if you miss a read</td>
<td>High-throughput, non-blocking I/O</td>
</tr>
</tbody>
</table>
<h2>Practical limits</h2>
<p>A few things that trip people up:</p>
<ul class="contains-task-list">
<li class="task-list-item"><input type="checkbox" checked disabled> Regular files don't work with epoll (only sockets, pipes, and devices)</li>
<li class="task-list-item"><input type="checkbox" checked disabled> <code>epoll_wait()</code> with timeout <code>-1</code> blocks indefinitely</li>
<li class="task-list-item"><input type="checkbox" disabled> <code>EPOLLONESHOT</code> removes the FD after one event; you must re-arm it</li>
<li class="task-list-item"><input type="checkbox" disabled> <code>EPOLLRDHUP</code> detects peer shutdown without reading, useful for connection tracking</li>
</ul>
<h3>File descriptor exhaustion</h3>
<p>The OS limit on open file descriptors is a separate constraint from epoll's scalability. Check and raise it:</p>
<pre><code class="language-bash"># Current limit (per process)
ulimit -n

# Raise it for this session
ulimit -n 65536

# Permanent — /etc/security/limits.conf
*    soft    nofile    65536
*    hard    nofile    65536
</code></pre>
<h3>The thundering herd</h3>
<p>With multiple threads calling <code>epoll_wait()</code> on the same epoll fd, all threads wake when any event fires. Use <code>EPOLLEXCLUSIVE</code> (Linux 4.5+) to deliver each event to exactly one waiter:</p>
<pre><code class="language-c">ev.events = EPOLLIN | EPOLLEXCLUSIVE;
epoll_ctl(epfd, EPOLL_CTL_ADD, sockfd, &#x26;ev);
</code></pre>
<h2>When not to use epoll</h2>
<p><code>epoll</code> is Linux-specific. For portable code, <code>kqueue</code> (BSD/macOS) and IOCP (Windows) solve the same problem differently. <code>libuv</code> and <code>libevent</code> abstract over all three.</p>
<p>If you're writing something that needs to run on Linux only and you control the deployment environment, <code>epoll</code> directly is the right tool. Otherwise, reach for a library.</p>
<blockquote>
<p>The purpose of abstracting over epoll, kqueue, and IOCP is not to pretend they're the same. They're not. The purpose is to let you change your mind later.</p>
</blockquote>
<p>The C10K problem is solved. The C10M problem (10 million connections) is harder, and it involves NUMA topology, interrupt affinity, and kernel bypass (DPDK, io_uring). But that's another article.</p>
"
`;
